MO atm NULL ver_mod.v vlg2A/atm.bin 1577010626
MO clk_divider NULL clk_divider.v vlg70/clk__divider.bin 1577010626
MO top_module NULL top_module.v vlg2C/top__module.bin 1577010626
MO ssd NULL ssd.v vlg5E/ssd.bin 1577010626
MO schmu NULL schmu.vf vlg58/schmu.bin 1570119978
MO debouncer NULL debouncer.v vlg03/debouncer.bin 1577010626
